#-----------------------------------------------------------
# Vivado v2018.2 (64-bit)
# SW Build 2258646 on Thu Jun 14 20:03:12 MDT 2018
# IP Build 2256618 on Thu Jun 14 22:10:49 MDT 2018
# Start of session at: Thu May 30 13:29:55 2019
# Process ID: 1272
# Current directory: D:/gyx_uni/2_spring/cod/lab/lab6/lab6
# Command line: vivado.exe -gui_launcher_event rodinguilauncherevent7972 D:\gyx_uni\2_spring\cod\lab\lab6\lab6\lab6.xpr
# Log file: D:/gyx_uni/2_spring/cod/lab/lab6/lab6/vivado.log
# Journal file: D:/gyx_uni/2_spring/cod/lab/lab6/lab6\vivado.jou
#-----------------------------------------------------------
start_gui
open_project D:/gyx_uni/2_spring/cod/lab/lab6/lab6/lab6.xpr
set_property -dict [list CONFIG.coefficient_file {D:/gyx_uni/2_spring/cod/lab/lab6/lab6/my_code.coe}] [get_ips MEM]
generate_target all [get_files  D:/gyx_uni/2_spring/cod/lab/lab6/lab6/lab6.srcs/sources_1/ip/MEM/MEM.xci]
catch { config_ip_cache -export [get_ips -all MEM] }
export_ip_user_files -of_objects [get_files D:/gyx_uni/2_spring/cod/lab/lab6/lab6/lab6.srcs/sources_1/ip/MEM/MEM.xci] -no_script -sync -force -quiet
create_ip_run [get_files -of_objects [get_fileset sources_1] D:/gyx_uni/2_spring/cod/lab/lab6/lab6/lab6.srcs/sources_1/ip/MEM/MEM.xci]
launch_runs -jobs 4 MEM_synth_1
wait_on_run MEM_synth_1
export_simulation -of_objects [get_files D:/gyx_uni/2_spring/cod/lab/lab6/lab6/lab6.srcs/sources_1/ip/MEM/MEM.xci] -directory D:/gyx_uni/2_spring/cod/lab/lab6/lab6/lab6.ip_user_files/sim_scripts -ip_user_files_dir D:/gyx_uni/2_spring/cod/lab/lab6/lab6/lab6.ip_user_files -ipstatic_source_dir D:/gyx_uni/2_spring/cod/lab/lab6/lab6/lab6.ip_user_files/ipstatic -lib_map_path [list {modelsim=D:/gyx_uni/2_spring/cod/lab/lab6/lab6/lab6.cache/compile_simlib/modelsim} {questa=D:/gyx_uni/2_spring/cod/lab/lab6/lab6/lab6.cache/compile_simlib/questa} {riviera=D:/gyx_uni/2_spring/cod/lab/lab6/lab6/lab6.cache/compile_simlib/riviera} {activehdl=D:/gyx_uni/2_spring/cod/lab/lab6/lab6/lab6.cache/compile_simlib/activehdl}] -use_ip_compiled_libs -force -quiet
reset_run synth_1
launch_runs synth_1 -jobs 4
wait_on_run synth_1
launch_runs impl_1 -jobs 4
wait_on_run impl_1
reset_run impl_1 -prev_step 
